// Jest Snapshot v1, https://goo.gl/fbAQLP

exports[`should render ExpenseListItem 1`] = `
<Link
  className="list-item"
  replace={false}
  to="/edit/1"
>
  <div>
    <h3
      className="list-item__title"
    >
      Gum
    </h3>
    <span
      className="list-item-__sub-title"
    >
      January 1st, 1970
    </span>
  </div>
  <div>
    <h3>
      1.95 kr
    </h3>
  </div>
</Link>
`;
